┌──────────────────────────────────Navigation──────────────────────────────────┐
│VLANs                                                                         │
└──────────────────────────────────────────────────────────────────────────────┘
╔══════════Menu══════════╗┌───────────────────────Details──────────────────────┐
║300 (Servers)           ║│VLAN ID              : 300                          │
║                        ║│Display Name         : Servers                      │
║                        ║│Description          : srv                          │
║                        ║│                                                    │
║                        ║│Associated Networks  : <none>                       │
║                        ║│                                                    │
║                        ║│Associated Ports     : <none>                       │
║                        ║│                                                    │
║                        ║│Associated Zones     : <none>                       │
║                        ║│                                                    │
║                        ║│                                                    │
║                        ║│                                                    │
║                        ║│                                                    │
║                        ║│                                                    │
║                        ║│                                                    │
║                        ║│                                                    │
║                        ║└────────────────────────────────────────────────────┘
║                        ║┌───────────────────────Status───────────────────────┐
║                        ║│Added VLAN: VLANs -> 300                            │
╚════════════════════════╝└────────────────────────────────────────────────────┘
 <q> Quit | <ctrl+s> Save | <v> New VLAN | <u> Update VLAN | <?> Help           
