┌──────────────────────────────────Navigation──────────────────────────────────┐
│Networks                                                                      │
└──────────────────────────────────────────────────────────────────────────────┘
╔══════════Menu══════════╗┌───────────────────────Details──────────────────────┐
║10.60.0.0/24 (Servers)  ║│CIDR                : 10.60.0.0/24                  │
║                        ║│Network Address     : 10.60.0.0                     │
║                        ║│Mask Bits           : 24                            │
║                        ║│Subnet Mask         : 255.255.255.0                 │
║                        ║│Broadcast Address   : 10.60.0.255                   │
║                        ║│Range               : 10.60.0.0 - 10.60.0.255       │
║                        ║│Total Hosts         : 256                           │
║                        ║│Usable Range        : 10.60.0.1 - 10.60.0.254       │
║                        ║│Usable Hosts        : 254                           │
║                        ║│Allocation Mode     : Host Pool                     │
║                        ║│Mode Meaning        : Leaf node: reserve concrete   │
║                        ║│IP addresses here.                                  │
║                        ║│VLAN                : 300 (Servers)                 │
║                        ║│                                                    │
║                        ║│                                                    │
║                        ║│                                                    │
║                        ║└────────────────────────────────────────────────────┘
║                        ║┌───────────────────────Status───────────────────────┐
║                        ║│Allocated network: Networks -> 10.60.0.0/24         │
╚════════════════════════╝└────────────────────────────────────────────────────┘
 <q> Quit | <ctrl+s> Save | <n> New Network | <u> Update Metadata | <d>         
