┌──────────────────────────────────Navigation──────────────────────────────────┐
│Equipment                                                                     │
└──────────────────────────────────────────────────────────────────────────────┘
╔══════════Menu══════════╗┌───────────────────────Details──────────────────────┐
║Gateway (UCG)           ║│Name                 : Gateway                      │
║                        ║│Model                : UCG                          │
║                        ║│Description          : edge                         │
║                        ║│Ports                : 0                            │
║                        ║│                                                    │
║                        ║│                                                    │
║                        ║│                                                    │
║                        ║│                                                    │
║                        ║│                                                    │
║                        ║│                                                    │
║                        ║│                                                    │
║                        ║│                                                    │
║                        ║│                                                    │
║                        ║│                                                    │
║                        ║│                                                    │
║                        ║│                                                    │
║                        ║└────────────────────────────────────────────────────┘
║                        ║┌───────────────────────Status───────────────────────┐
║                        ║│Added Equipment: Equipment -> Gateway               │
╚════════════════════════╝└────────────────────────────────────────────────────┘
 <q> Quit | <ctrl+s> Save | <e> New Equipment | <u> Update Equipment | <?> Help 
