┌──────────────────────────────────Navigation──────────────────────────────────┐
│Equipment                                                                     │
└──────────────────────────────────────────────────────────────────────────────┘
╔══════════Menu══════════╗┌───────────────────────Details──────────────────────┐
║                        ║│Track network equipment, ports, VLAN profiles, and  │
║                        ║│links.                                              │
║                        ║│                                                    │
║                        ║│                                                    │
║                        ║│                                                    │
║                        ║│                                                    │
║                        ║│                                                    │
║                        ║│                                                    │
║                        ║│                                                    │
║                        ║│                                                    │
║                        ║│                                                    │
║                        ║│                                                    │
║                        ║│                                                    │
║                        ║│                                                    │
║                        ║│                                                    │
║                        ║└────────────────────────────────────────────────────┘
║                        ║┌───────────────────────Status───────────────────────┐
║                        ║│Error adding Zone: display name must be set for     │
║                        ║│Zone=Zones ->                                       │
╚════════════════════════╝└────────────────────────────────────────────────────┘
 <q> Quit | <ctrl+s> Save | <e> New Equipment | <?> Help                        
