                                                                                
                                                                                
                                                                                
                                                                                
                                                                                
                                                                                
           ╔══════════Allocate as Host Pool for 10.0.0.0/24═════════╗           
           ║                                                        ║           
           ║ Name                                                   ║           
           ║                                                        ║           
           ║ Description                                            ║           
           ║                                                        ║           
           ║             Ctrl+E: edit in $EDITOR                    ║           
           ║                                                        ║           
           ║ VLAN ID     <none>                                     ║           
           ║                                                        ║           
           ║                    Save     Cancel                     ║           
           ║                                                        ║           
           ╚════════════════════════════════════════════════════════╝           
                                                                                
                                                                                
                                                                                
                                                                                
                                                                                
                                                                                
