                                                                                
                                                                                
                                                                                
                                                                                
                                                                                
                                                                                
                                                                                
                                                                                
                                                                                
              ╔═══════════════════Add Network═══════════════════╗               
              ║                                                 ║               
              ║ CIDR                                            ║               
              ║                                                 ║               
              ║                 Save     Cancel                 ║               
              ║                                                 ║               
              ╚═════════════════════════════════════════════════╝               
                                                                                
                                                                                
                                                                                
                                                                                
                                                                                
                                                                                
                                                                                
                                                                                
                                                                                
