┌──────────────────────────────────Navigation──────────────────────────────────┐
│Home                                                                          │
└──────────────────────────────────────────────────────────────────────────────┘
╔══════════Menu══════════╗┌───────────────────────Details──────────────────────┐
║Networks                ║│Manage your address space here.                     │
║VLANs                   ║│                                                    │
║WiFi SSIDs              ║│Use Enter or double-click to open items.            │
║                        ║│Use Backspace to go up one level.                   │
║                        ║│                                                    │
║                        ║│                                                    │
║                        ║│                                                    │
║                        ║│                                                    │
║                        ║│                                                    │
║                        ║│                                                    │
║                        ║│                                                    │
║                        ║│                                                    │
║                        ║│                                                    │
║                        ║│                                                    │
║                        ║│                                                    │
║                        ║│                                                    │
║                        ║└────────────────────────────────────────────────────┘
║                        ║┌───────────────────────Status───────────────────────┐
║                        ║│                                                    │
╚════════════════════════╝└────────────────────────────────────────────────────┘
 <enter>/<double-click> Open | <backspace> Back | <q> Quit | <ctrl+s> Save      
