                                                                                
                                                                                
                                                                                
                                                                                
                                                                                
                                                                                
        ╔════════════Set as Subnet Container for 10.0.0.0/24═══════════╗        
        ║                                                              ║        
        ║ Name                                                         ║        
        ║                                                              ║        
        ║ Description                                                  ║        
        ║                                                              ║        
        ║                                                              ║        
        ║                                                              ║        
        ║ Child Prefix Len                                             ║        
        ║                                                              ║        
        ║                       Save     Cancel                        ║        
        ║                                                              ║        
        ╚══════════════════════════════════════════════════════════════╝        
                                                                                
                                                                                
                                                                                
                                                                                
                                                                                
                                                                                
