┌──────────────────────────────────Navigation──────────────────────────────────┐
│Networks                                                                      │
└──────────────────────────────────────────────────────────────────────────────┘
┌──────────Menu──────────┐┌───────────────────────Details──────────────────────┐
│10.0.0.0/24 (Hosts)     ││CIDR                : 10.0.0.0/24                   │
│10.0.1.0/24 (*)         ││Network Address     : 10.0.0.0                      │
│fd00::/64 (*)           ││Mask Bits           : 24                            │
│                        ╔════════════════════════════╗5.255.0                 │
│                        ║                            ║.255                    │
│                        ║     Delete 10.0.0.0/24     ║.0 - 10.0.0.255         │
│                        ║          (Hosts)?          ║                        │
│                        ║                            ║.1 - 10.0.0.254         │
│                        ║ All child subnets will be  ║                        │
│                        ║          removed.          ║ool                     │
│                        ║                            ║ode: reserve concrete   │
│                        ║         Yes     No         ║                        │
│                        ║                            ║                        │
│                        ╚════════════════════════════╝                        │
│                        ││                                                    │
│                        ││desc                                                │
│                        │└────────────────────────────────────────────────────┘
│                        │┌───────────────────────Status───────────────────────┐
│                        ││Allocated network: Networks -> 10.0.0.0/24          │
└────────────────────────┘└────────────────────────────────────────────────────┘
 <q> Quit | <ctrl+s> Save | <n> New Network | <u> Update Metadata | <?> Help    
