                                                                                
                                                                                
                                                                                
                                                                                
                                                                                
                                                                                
                                                                                
                                                                                
         ╔═══════════════Update Reservation for 10.0.0.1══════════════╗         
         ║                                                            ║         
         ║ Name        gw                                             ║         
         ║                                                            ║         
         ║ Description gateway                                        ║         
         ║                                                            ║         
         ║                      Save     Cancel                       ║         
         ║                                                            ║         
         ╚════════════════════════════════════════════════════════════╝         
                                                                                
                                                                                
                                                                                
                                                                                
                                                                                
                                                                                
                                                                                
                                                                                
