                                                                                
                                                                                
                                                                                
                                                                                
          ╔═════════════════════Add DNS Record══════════════════════╗           
          ║                                                         ║           
          ║ FQDN                                                    ║           
          ║                                                         ║           
          ║ Mode         Record                                     ║           
          ║                                                         ║           
          ║ Record Type                                             ║           
          ║                                                         ║           
          ║ Record Value                                            ║           
          ║                                                         ║           
          ║ Description                                             ║           
          ║                                                         ║           
          ║              Ctrl+E: edit in $EDITOR                    ║           
          ║                                                         ║           
          ║                     Save     Cancel                     ║           
          ║                                                         ║           
          ╚═════════════════════════════════════════════════════════╝           
                                                                                
                                                                                
                                                                                
                                                                                
