┌──────────────────────────────────Navigation──────────────────────────────────┐
│Networks -> 10.0.0.0/24                                                       │
└──────────────────────────────────────────────────────────────────────────────┘
┌──────────Menu──────────┐┌───────────────────────Details──────────────────────┐
│10.0.0.1 (gw)           ││IP Address           : 10.0.0.1                     │
│                        ││Display Name         : gw                           │
│                        ││MAC Address          : <none>                       │
│                        ││Description          : gateway                      │
│                        ││Parent Network       : Networks -> 10.0.0.0/24      │
│                        ╔════════════════════════════╗                        │
│                        ║                            ║                        │
│                        ║  Unreserve 10.0.0.1 (gw)?  ║                        │
│                        ║                            ║                        │
│                        ║         Yes     No         ║                        │
│                        ║                            ║                        │
│                        ╚════════════════════════════╝                        │
│                        ││                                                    │
│                        ││                                                    │
│                        ││                                                    │
│                        ││                                                    │
│                        │└────────────────────────────────────────────────────┘
│                        │┌───────────────────────Status───────────────────────┐
│                        ││Reserved IP: Networks -> 10.0.0.0/24 -> 10.0.0.1    │
└────────────────────────┘└────────────────────────────────────────────────────┘
 <q> Quit | <ctrl+s> Save | <r> Reserve IP | <u> Update Reservation | <?> Help  
