┌──────────────────────────────────Navigation──────────────────────────────────┐
│Networks                                                                      │
└──────────────────────────────────────────────────────────────────────────────┘
╔══════════Menu══════════╗┌───────────────────────Details──────────────────────┐
║10.0.0.0/24 (Hosts)     ║│CIDR                : fd00::/64                     │
║10.0.1.0/24 (*)         ║│Network Address     : fd00::                        │
║fd00::/64 (*)           ║│Mask Bits           : 64                            │
║                        ║│Subnet Mask         : ffff:ffff:ffff:ffff::         │
║                        ║│Range               : fd00:: -                      │
║                        ║│fd00::ffff:ffff:ffff:ffff                           │
║                        ║│Total /64 Networks  : 1                             │
║                        ║│Allocation Mode     : Unallocated                   │
║                        ║│Mode Meaning        : Can be split or assigned as   │
║                        ║│Subnet Container / Host Pool.                       │
║                        ║│                                                    │
║                        ║│                                                    │
║                        ║│                                                    │
║                        ║│                                                    │
║                        ║│                                                    │
║                        ║│                                                    │
║                        ║└────────────────────────────────────────────────────┘
║                        ║┌───────────────────────Status───────────────────────┐
║                        ║│Reserved IP: Networks -> 10.0.0.0/24 -> 10.0.0.1    │
╚════════════════════════╝└────────────────────────────────────────────────────┘
 <q> Quit | <ctrl+s> Save | <n> New Network | <a> Allocate Subnet Container |   
