                                                                                
                                                                                
                                                                                
                                                                                
                                                                                
                                                                                
         ╔════════════Allocate as Host Pool for 10.0.0.0/24═══════════╗         
         ║                                                            ║         
         ║ Name                                                       ║         
         ║                                                            ║         
         ║ Description                                                ║         
         ║                                                            ║         
         ║                                                            ║         
         ║                                                            ║         
         ║ VLAN ID                                                    ║         
         ║                                                            ║         
         ║                      Save     Cancel                       ║         
         ║                                                            ║         
         ╚════════════════════════════════════════════════════════════╝         
                                                                                
                                                                                
                                                                                
                                                                                
                                                                                
                                                                                
