                                                                                
                                                                                
                                                                                
                                                                                
                                                                                
                                                                                
                                                                                
         ╔══════════════Update Allocation for 10.0.0.0/24═════════════╗         
         ║                                                            ║         
         ║ Name        Hosts                                          ║         
         ║                                                            ║         
         ║ Description desc                                           ║         
         ║                                                            ║         
         ║                                                            ║         
         ║                                                            ║         
         ║                      Save     Cancel                       ║         
         ║                                                            ║         
         ╚════════════════════════════════════════════════════════════╝         
                                                                                
                                                                                
                                                                                
                                                                                
                                                                                
                                                                                
                                                                                
