                                                                                
                                                                                
                                                                                
                                                                                
                                                                                
                                                                                
        ╔═══════════════Allocate Subnets for 10.0.0.0/24═══════════════╗        
        ║                                                              ║        
        ║ Name                                                         ║        
        ║                                                              ║        
        ║ Description                                                  ║        
        ║                                                              ║        
        ║                                                              ║        
        ║                                                              ║        
        ║ Prefix Len                                                   ║        
        ║                                                              ║        
        ║                       Save     Cancel                        ║        
        ║                                                              ║        
        ╚══════════════════════════════════════════════════════════════╝        
                                                                                
                                                                                
                                                                                
                                                                                
                                                                                
                                                                                
