┌──────────────────────────────────Navigation──────────────────────────────────┐
│Networks                                                                      │
└──────────────────────────────────────────────────────────────────────────────┘
╔══════════Menu══════════╗┌───────────────────────Details──────────────────────┐
║10.0.0.0/10 (Cloud)     ║│CIDR                : 10.0.0.0/10                   │
║192.168.0.0/16 (Home)   ║│Network Address     : 10.0.0.0                      │
║fd42::/56 (Home IPv6)   ║│Mask Bits           : 10                            │
║                        ║│Subnet Mask         : 255.192.0.0                   │
║                        ║│Broadcast Address   : 10.63.255.255                 │
║                        ║│Range               : 10.0.0.0 - 10.63.255.255      │
║                        ║│Total Hosts         : 4,194,304                     │
║                        ║│Usable Range        : 10.0.0.1 - 10.63.255.254      │
║                        ║│Usable Hosts        : 4,194,302                     │
║                        ║│Allocation Mode     : Subnet Container              │
║                        ║│Mode Meaning        : Branch node: contains child   │
║                        ║│networks.                                           │
║                        ║│                                                    │
║                        ║│                                                    │
║                        ║│                                                    │
║                        ║│Cloud supernet                                      │
║                        ║└────────────────────────────────────────────────────┘
║                        ║┌───────────────────────Status───────────────────────┐
║                        ║│Saved to .ez-ipam/ and EZ-IPAM.md                   │
╚════════════════════════╝└────────────────────────────────────────────────────┘
 <q> Quit | <ctrl+s> Save | <n> New Network | <u> Update Metadata | <d>         
