┌──────────────────────────────────Navigation──────────────────────────────────┐
│Networks                                                                      │
└──────────────────────────────────────────────────────────────────────────────┘
╔══════════Menu══════════╗┌───────────────────────Details──────────────────────┐
║10.0.0.0/12 (AWS)       ║│CIDR                : fd30::/32                     │
║10.16.0.0/12 (GCP)      ║│Network Address     : fd30::                        │
║10.32.0.0/12 (Azure)    ║│Mask Bits           : 32                            │
║fd10::/32 (AWS IPv6)    ║│Subnet Mask         : ffff:ffff::                   │
║fd20::/32 (GCP IPv6)    ║│Range               : fd30:: -                      │
║fd30::/32 (Azure IPv6)  ║│fd30:0:ffff:ffff:ffff:ffff:ffff:ffff                │
║                        ║│Total /64 Networks  : 4,294,967,296                 │
║                        ║│Allocation Mode     : Subnets                       │
║                        ║│                                                    │
║                        ║│                                                    │
║                        ║│                                                    │
║                        ║│Azure dual-stack IPv6 supernet                      │
║                        ║│                                                    │
║                        ║│                                                    │
║                        ║│                                                    │
║                        ║│                                                    │
║                        ║└────────────────────────────────────────────────────┘
║                        ║┌───────────────────────Status───────────────────────┐
║                        ║│Saved to .ez-ipam/ and EZ-IPAM.md                   │
╚════════════════════════╝└────────────────────────────────────────────────────┘
 <enter>/<double-click> Open | <backspace> Back | <q> Quit | <ctrl+s> Save |    
