┌──────────────────────────────────Navigation──────────────────────────────────┐
│Home                                                                          │
└──────────────────────────────────────────────────────────────────────────────┘
╔══════════Menu══════════╗┌───────────────────────Details──────────────────────┐
║Networks                ║│Manage your address space here.                     │
║Zones                   ║│                                                    │
║VLANs                   ║│Use Enter or double-click to open items.            │
║WiFi SSIDs              ║│Use Backspace to go up one level.                   │
║Equipment               ║│                                                    │
║                        ║│                                                    │
║                        ║│                                                    │
║                        ║│                                                    │
║                        ║│                                                    │
║                        ║│                                                    │
║                        ║│                                                    │
║                        ║│                                                    │
║                        ║│                                                    │
║                        ║│                                                    │
║                        ║│                                                    │
║                        ║│                                                    │
║                        ║└────────────────────────────────────────────────────┘
║                        ║┌───────────────────────Status───────────────────────┐
║                        ║│                                                    │
╚════════════════════════╝└────────────────────────────────────────────────────┘
 <q> Quit | <ctrl+s> Save                                                       
