┌──────────────────────────────────Navigation──────────────────────────────────┐
│WiFi SSIDs                                                                    │
└──────────────────────────────────────────────────────────────────────────────┘
╔══════════Menu══════════╗┌───────────────────────Details──────────────────────┐
║                        ║│Manage WiFi SSIDs and their metadata here.          │
║                        ║│                                                    │
║                        ║│                                                    │
║                        ║│                                                    │
║                        ║│                                                    │
║                        ║│                                                    │
║                        ║│                                                    │
║                        ║│                                                    │
║                        ║│                                                    │
║                        ║│                                                    │
║                        ║│                                                    │
║                        ║│                                                    │
║                        ║│                                                    │
║                        ║│                                                    │
║                        ║│                                                    │
║                        ║│                                                    │
║                        ║└────────────────────────────────────────────────────┘
║                        ║┌───────────────────────Status───────────────────────┐
║                        ║│                                                    │
╚════════════════════════╝└────────────────────────────────────────────────────┘
 <q> Quit | <ctrl+s> Save | <w> New SSID                                        
