┌──────────────────────────────────Navigation──────────────────────────────────┐
│Networks -> 10.0.0.0/24                                                       │
└──────────────────────────────────────────────────────────────────────────────┘
┌──────────Menu──────────┐┌───────────────────────Details──────────────────────┐
│10.0.0.1 (gw-x)         ││IP Address           : 10.0.0.1                     │
│                        ││Display Name         : gw-x                         │
│                        ││MAC Address          : <none>                       │
│                        ││Description          : gateway updated              │
│                        ││Parent Network       : Networks -> 10.0.0.0/24      │
│                        ╔════════════════════════════╗                        │
│                        ║                            ║                        │
│                        ║ Unreserve 10.0.0.1 (gw-x)? ║                        │
│                        ║                            ║                        │
│                        ║         Yes     No         ║                        │
│                        ║                            ║                        │
│                        ╚════════════════════════════╝                        │
│                        ││                                                    │
│                        ││                                                    │
│                        ││                                                    │
│                        │└────────────────────────────────────────────────────┘
│                        │┌───────────────────────Status───────────────────────┐
│                        ││Updated IP reservation: Networks -> 10.0.0.0/24 ->  │
│                        ││10.0.0.1                                            │
└────────────────────────┘└────────────────────────────────────────────────────┘
 <q> Quit | <ctrl+s> Save | <r> Reserve IP | <u> Update Reservation | <?> Help  
