┌──────────────────────────────────Navigation──────────────────────────────────┐
│Networks                                                                      │
└──────────────────────────────────────────────────────────────────────────────┘
╔══════════Menu══════════╗┌───────────────────────Details──────────────────────┐
║                        ║│Manage your address space here.                     │
║                        ║│                                                    │
║                        ║│Use Enter or double-click to open items.            │
║                        ║│Use Backspace to go up one level.                   │
║                        ║│                                                    │
║                        ║│                                                    │
║                        ║│                                                    │
║                        ║│                                                    │
║                        ║│                                                    │
║                        ║│                                                    │
║                        ║│                                                    │
║                        ║│                                                    │
║                        ║│                                                    │
║                        ║│                                                    │
║                        ║└────────────────────────────────────────────────────┘
║                        ║┌───────────────────────Status───────────────────────┐
║                        ║│Error adding new network: CIDR "10.0.0.1/24" is a   │
║                        ║│host address, not a network address (should be      │
║                        ║│10.0.0.0/24)                                        │
╚════════════════════════╝└────────────────────────────────────────────────────┘
 <q> Quit | <ctrl+s> Save | <n> New Network | <?> Help                          
