┌──────────────────────────────────Navigation──────────────────────────────────┐
│Networks                                                                      │
└──────────────────────────────────────────────────────────────────────────────┘
┌──────────Menu──────────┐┌───────────────────────Details──────────────────────┐
│10.0.0.0/24 (Prod-new)  ││CIDR                : 10.0.0.0/24                   │
│fd00::/64 (*)           ││Network Address     : 10.0.0.0                      │
│                        ││Mask Bits           : 24                            │
│                        ╔════════════════════════════╗5.255.0                 │
│                        ║                            ║.255                    │
│                        ║   Deallocate 10.0.0.0/24   ║.0 - 10.0.0.255         │
│                        ║         (Prod-new)?        ║                        │
│                        ║                            ║.1 - 10.0.0.254         │
│                        ║ All child subnets will be  ║                        │
│                        ║          removed.          ║ Container              │
│                        ║                            ║ node: contains child   │
│                        ║         Yes     No         ║                        │
│                        ║                            ║                        │
│                        ╚════════════════════════════╝                        │
│                        ││                                                    │
│                        ││ metadatasubnets                                    │
│                        │└────────────────────────────────────────────────────┘
│                        │┌───────────────────────Status───────────────────────┐
│                        ││Allocated network updated: Networks -> 10.0.0.0/24  │
└────────────────────────┘└────────────────────────────────────────────────────┘
 <q> Quit | <ctrl+s> Save | <n> New Network | <u> Update Metadata | <?> Help    
