                                                                                
                                                                                
                                                                                
                                                                                
                                                                                
                                                                                
                                                                                
           ╔═════════════Update Reservation for 10.0.0.1════════════╗           
           ║                                                        ║           
           ║ Name        gw                                         ║           
           ║                                                        ║           
           ║ Description gateway                                    ║           
           ║                                                        ║           
           ║             Ctrl+E: edit in $EDITOR                    ║           
           ║                                                        ║           
           ║                    Save     Cancel                     ║           
           ║                                                        ║           
           ╚════════════════════════════════════════════════════════╝           
                                                                                
                                                                                
                                                                                
                                                                                
                                                                                
                                                                                
                                                                                
