┌──────────────────────────────────Navigation──────────────────────────────────┐
│Networks -> 10.0.0.0/24                                                       │
└──────────────────────────────────────────────────────────────────────────────┘
╔══════════Menu══════════╗┌───────────────────────Details──────────────────────┐
║                        ║│IP Address           : 10.0.0.1                     │
║                        ║│Display Name         : gw-x                         │
║                        ║│Description          : gateway updated              │
║                        ║│Parent Network       : Networks -> 10.0.0.0/24      │
║                        ║│                                                    │
║                        ║│                                                    │
║                        ║│                                                    │
║                        ║│                                                    │
║                        ║│                                                    │
║                        ║│                                                    │
║                        ║│                                                    │
║                        ║│                                                    │
║                        ║│                                                    │
║                        ║│                                                    │
║                        ║│                                                    │
║                        ║│                                                    │
║                        ║└────────────────────────────────────────────────────┘
║                        ║┌───────────────────────Status───────────────────────┐
║                        ║│Unreserved IP: Networks -> 10.0.0.0/24 -> 10.0.0.1  │
╚════════════════════════╝└────────────────────────────────────────────────────┘
 <q> Quit | <ctrl+s> Save | <r> Reserve IP | <u> Update Reservation | <?> Help  
