                                                                                
                                                                                
                                                                                
                                                                                
                                                                                
        ╔════════Allocate as Subnet Container for 10.0.0.0/24═════════╗         
        ║                                                             ║         
        ║ Name                                                        ║         
        ║                                                             ║         
        ║ Description                                                 ║         
        ║                                                             ║         
        ║                  Ctrl+E: edit in $EDITOR                    ║         
        ║                                                             ║         
        ║ VLAN ID          <none>                                     ║         
        ║                                                             ║         
        ║ Child Prefix Len                                            ║         
        ║                                                             ║         
        ║                       Save     Cancel                       ║         
        ║                                                             ║         
        ╚═════════════════════════════════════════════════════════════╝         
                                                                                
                                                                                
                                                                                
                                                                                
                                                                                
