┌──────────────────────────────────Navigation──────────────────────────────────┐
│Networks                                                                      │
└──────────────────────────────────────────────────────────────────────────────┘
╔══════════Menu══════════╗┌───────────────────────Details──────────────────────┐
║10.0.0.0/24 (Hosts)     ║│CIDR                : 10.0.0.0/24                   │
║fd00::/64 (*)           ║│Network Address     : 10.0.0.0                      │
║                        ║│Mask Bits           : 24                            │
║                        ║│Subnet Mask         : 255.255.255.0                 │
║                        ║│Broadcast Address   : 10.0.0.255                    │
║                        ║│Range               : 10.0.0.0 - 10.0.0.255         │
║                        ║│Total Hosts         : 256                           │
║                        ║│Usable Range        : 10.0.0.1 - 10.0.0.254         │
║                        ║│Usable Hosts        : 254                           │
║                        ║│Allocation Mode     : Host Pool                     │
║                        ║│Mode Meaning        : Leaf node: reserve concrete   │
║                        ║│IP addresses here.                                  │
║                        ║│                                                    │
║                        ║│                                                    │
║                        ║│                                                    │
║                        ║│pool                                                │
║                        ║└────────────────────────────────────────────────────┘
║                        ║┌───────────────────────Status───────────────────────┐
║                        ║│Allocated network: Networks -> 10.0.0.0/24          │
╚════════════════════════╝└────────────────────────────────────────────────────┘
 <q> Quit | <ctrl+s> Save | <n> New Network | <u> Update Metadata | <d>         
