                                                                                
                                                                                
                                                                                
                                                                                
                                                                                
           ╔════════════════Reserve IP in 10.0.0.0/24═══════════════╗           
           ║                                                        ║           
           ║ IP Address                                             ║           
           ║                                                        ║           
           ║ Name                                                   ║           
           ║                                                        ║           
           ║ MAC Address                                            ║           
           ║                                                        ║           
           ║ Description                                            ║           
           ║                                                        ║           
           ║             Ctrl+E: edit in $EDITOR                    ║           
           ║                                                        ║           
           ║                    Save     Cancel                     ║           
           ║                                                        ║           
           ╚════════════════════════════════════════════════════════╝           
                                                                                
                                                                                
                                                                                
                                                                                
                                                                                
