┌──────────────────────────────────Navigation──────────────────────────────────┐
│VLANs                                                                         │
└──────────────────────────────────────────────────────────────────────────────┘
╔══════════Menu══════════╗┌───────────────────────Details──────────────────────┐
║300 (Servers)           ║│VLAN ID              : 300                          │
║                        ║│Display Name         : Servers                      │
║                        ║│Description          : srv                          │
║                        ║│                                                    │
║                        ║│Associated Networks  :                              │
║                        ║│- Networks -> 10.60.0.0/24                          │
║                        ║│                                                    │
║                        ║│Associated Ports     : <none>                       │
║                        ║│                                                    │
║                        ║│Associated Zones     : <none>                       │
║                        ║│                                                    │
║                        ║│                                                    │
║                        ║│                                                    │
║                        ║│                                                    │
║                        ║│                                                    │
║                        ║│                                                    │
║                        ║└────────────────────────────────────────────────────┘
║                        ║┌───────────────────────Status───────────────────────┐
║                        ║│                                                    │
╚════════════════════════╝└────────────────────────────────────────────────────┘
 <q> Quit | <ctrl+s> Save | <v> New VLAN | <u> Update VLAN | <D> Delete VLAN    
