┌──────────────────────────────────Navigation──────────────────────────────────┐
│Equipment -> Gateway                                                          │
└──────────────────────────────────────────────────────────────────────────────┘
╔══════════Menu══════════╗┌───────────────────────Details──────────────────────┐
║1: WAN1 (RJ45 2.5GbE)   ║│Port Number          : 1                            │
║                        ║│Name                 : WAN1                         │
║                        ║│Type                 : RJ45                         │
║                        ║│Speed                : 2.5GbE                       │
║                        ║│PoE                  : <none>                       │
║                        ║│LAG Group            : <none>                       │
║                        ║│LAG Mode             : <none>                       │
║                        ║│Native VLAN          : <none>                       │
║                        ║│Tagged VLANs         : <none>                       │
║                        ║│Connected To         : <none>                       │
║                        ║│Description          : <none>                       │
║                        ║│                                                    │
║                        ║│                                                    │
║                        ║│                                                    │
║                        ║│                                                    │
║                        ║│                                                    │
║                        ║└────────────────────────────────────────────────────┘
║                        ║┌───────────────────────Status───────────────────────┐
║                        ║│Added Port: Equipment -> Gateway -> 1               │
╚════════════════════════╝└────────────────────────────────────────────────────┘
 <q> Quit | <ctrl+s> Save | <p> New Port | <u> Update Port | <c> Connect Port | 
