┌──────────────────────────────────Navigation──────────────────────────────────┐
│Networks                                                                      │
└──────────────────────────────────────────────────────────────────────────────┘
╔══════════Menu══════════╗┌───────────────────────Details──────────────────────┐
║10.0.0.0/24 (*)         ║│CIDR                : 10.0.0.0/24                   │
║                        ║│Network Address     : 10.0.0.0                      │
║                        ║│Mask Bits           : 24                            │
║                        ║│Subnet Mask         : 255.255.255.0                 │
║                        ║│Broadcast Address   : 10.0.0.255                    │
║                        ║│Range               : 10.0.0.0 - 10.0.0.255         │
║                        ║│Total Hosts         : 256                           │
║                        ║│Usable Range        : 10.0.0.1 - 10.0.0.254         │
║                        ║│Usable Hosts        : 254                           │
║                        ║│Allocation Mode     : Unallocated                   │
║                        ║│Mode Meaning        : Can be split or assigned as   │
║                        ║│Subnet Container / Host Pool.                       │
║                        ║│                                                    │
║                        ║│                                                    │
║                        ║│                                                    │
║                        ║│                                                    │
║                        ║└────────────────────────────────────────────────────┘
║                        ║┌───────────────────────Status───────────────────────┐
║                        ║│Added new network: 10.0.0.0/24                      │
╚════════════════════════╝└────────────────────────────────────────────────────┘
 <q> Quit | <ctrl+s> Save | <n> New Network | <a> Allocate Subnet Container |   
