┌──────────────────────────────────Navigation──────────────────────────────────┐
│Networks                                                                      │
└──────────────────────────────────────────────────────────────────────────────┘
┌──────────Menu──────────┐┌───────────────────────Details──────────────────────┐
│10.0.0.0/24 (*)         ││CIDR                : 10.0.0.0/24                   │
│                        ││Network Address     : 10.0.0.0                      │
│                        ││Mask Bits           : 24                            │
│                        ││Subnet Mask         : 255.255.255.0                 │
│                        ╔════════════════════════════╗.255                    │
│                        ║                            ║.0 - 10.0.0.255         │
│                        ║  Do you want to quit? All  ║                        │
│                        ║  unsaved changes will be   ║.1 - 10.0.0.254         │
│                        ║            lost.           ║                        │
│                        ║                            ║cated                   │
│                        ║      Quit     Cancel       ║ split or assigned as   │
│                        ║                            ║.                       │
│                        ╚════════════════════════════╝                        │
│                        ││                                                    │
│                        ││                                                    │
│                        ││                                                    │
│                        │└────────────────────────────────────────────────────┘
│                        │┌───────────────────────Status───────────────────────┐
│                        ││Added new network: 10.0.0.0/24                      │
└────────────────────────┘└────────────────────────────────────────────────────┘
 <q> Quit | <ctrl+s> Save | <n> New Network | <a> Allocate Subnet Container |   
