                                                                                
                                                                                
                                                                                
                                                                                
                                                                                
                                                                                
                                                                                
           ╔══════════════════════Add WiFi SSID═════════════════════╗           
           ║                                                        ║           
           ║ SSID                                                   ║           
           ║                                                        ║           
           ║ Description                                            ║           
           ║                                                        ║           
           ║             Ctrl+E: edit in $EDITOR                    ║           
           ║                                                        ║           
           ║                    Save     Cancel                     ║           
           ║                                                        ║           
           ╚════════════════════════════════════════════════════════╝           
                                                                                
                                                                                
                                                                                
                                                                                
                                                                                
                                                                                
                                                                                
