                                                                                
                                                                                
                                                                                
                                                                                
                                                                                
                                                                                
                                                                                
                                                                                
           ╔════════════════Update WiFi SSID Home-IoT═══════════════╗           
           ║                                                        ║           
           ║ Description devices                                    ║           
           ║                                                        ║           
           ║             Ctrl+E: edit in $EDITOR                    ║           
           ║                                                        ║           
           ║                    Save     Cancel                     ║           
           ║                                                        ║           
           ╚════════════════════════════════════════════════════════╝           
                                                                                
                                                                                
                                                                                
                                                                                
                                                                                
                                                                                
                                                                                
                                                                                
