┌──────────────────────────────────Navigation──────────────────────────────────┐
│VLANs                                                                         │
└──────────────────────────────────────────────────────────────────────────────┘
╔══════════Menu══════════╗┌───────────────────────Details──────────────────────┐
║100 (Management)        ║│VLAN ID              : 100                          │
║                        ║│Display Name         : Management                   │
║                        ║│Description          : infra                        │
║                        ║│                                                    │
║                        ║│Associated Networks  : <none>                       │
║                        ║│                                                    │
║                        ║│Associated Ports     : <none>                       │
║                        ║│                                                    │
║                        ║│Associated Zones     : <none>                       │
║                        ║│                                                    │
║                        ║│                                                    │
║                        ║│                                                    │
║                        ║│                                                    │
║                        ║│                                                    │
║                        ║│                                                    │
║                        ║│                                                    │
║                        ║└────────────────────────────────────────────────────┘
║                        ║┌───────────────────────Status───────────────────────┐
║                        ║│Added VLAN: VLANs -> 100                            │
╚════════════════════════╝└────────────────────────────────────────────────────┘
 <q> Quit | <ctrl+s> Save | <v> New VLAN | <u> Update VLAN | <D> Delete VLAN    
