┌──────────────────────────────────Navigation──────────────────────────────────┐
│VLANs                                                                         │
└──────────────────────────────────────────────────────────────────────────────┘
╔══════════Menu══════════╗┌───────────────────────Details──────────────────────┐
║100 (Management)        ║│VLAN ID              : 200                          │
║200 (Users-new)         ║│Display Name         : Users-new                    │
║                        ║│Description          : updatedclients               │
║                        ║│                                                    │
║                        ║│Associated Networks  : <none>                       │
║                        ║│                                                    │
║                        ║│Associated Ports     : <none>                       │
║                        ║│                                                    │
║                        ║│Associated Zones     : <none>                       │
║                        ║│                                                    │
║                        ║│                                                    │
║                        ║│                                                    │
║                        ║│                                                    │
║                        ║│                                                    │
║                        ║│                                                    │
║                        ║│                                                    │
║                        ║└────────────────────────────────────────────────────┘
║                        ║┌───────────────────────Status───────────────────────┐
║                        ║│Error adding VLAN: VLAN ID already exists           │
╚════════════════════════╝└────────────────────────────────────────────────────┘
 <q> Quit | <ctrl+s> Save | <v> New VLAN | <u> Update VLAN | <D> Delete VLAN    
