                                                                                
                                                                                
                                                                                
                                                                                
                                                                                
           ╔════════════════════════Add VLAN════════════════════════╗           
           ║                                                        ║           
           ║ VLAN ID                                                ║           
           ║                                                        ║           
           ║ Name                                                   ║           
           ║                                                        ║           
           ║ Description                                            ║           
           ║                                                        ║           
           ║             Ctrl+E: edit in $EDITOR                    ║           
           ║                                                        ║           
           ║ Zone        <none>                                     ║           
           ║                                                        ║           
           ║                    Save     Cancel                     ║           
           ║                                                        ║           
           ╚════════════════════════════════════════════════════════╝           
                                                                                
                                                                                
                                                                                
                                                                                
                                                                                
