┌──────────────────────────────────Navigation──────────────────────────────────┐
│VLANs                                                                         │
└──────────────────────────────────────────────────────────────────────────────┘
┌──────────Menu──────────┐┌───────────────────────Details──────────────────────┐
│100 (Management)        ││VLAN ID              : 200                          │
│200 (Users-new)         ││Display Name         : Users-new                    │
│                        ││Description          : updatedclients               │
│                        ╔════════════════════════════╗                        │
│                        ║                            ║>                       │
│                        ║   Delete VLAN 200 (Users-  ║                        │
│                        ║            new)?           ║>                       │
│                        ║                            ║                        │
│                        ║  Network VLAN references   ║>                       │
│                        ║      will be cleared.      ║                        │
│                        ║                            ║                        │
│                        ║         Yes     No         ║                        │
│                        ║                            ║                        │
│                        ╚════════════════════════════╝                        │
│                        ││                                                    │
│                        ││                                                    │
│                        │└────────────────────────────────────────────────────┘
│                        │┌───────────────────────Status───────────────────────┐
│                        ││Updated VLAN: VLANs -> 200                          │
└────────────────────────┘└────────────────────────────────────────────────────┘
 <q> Quit | <ctrl+s> Save | <v> New VLAN | <u> Update VLAN | <?> Help           
