┌──────────────────────────────────Navigation──────────────────────────────────┐
│VLANs                                                                         │
└──────────────────────────────────────────────────────────────────────────────┘
╔══════════Menu══════════╗┌───────────────────────Details──────────────────────┐
║100 (Management)        ║│VLAN ID              : 200                          │
║200 (Users)             ║│Display Name         : Users                        │
║                        ║│Description          : clients                      │
║                        ║│                                                    │
║                        ║│Associated Networks  : <none>                       │
║                        ║│                                                    │
║                        ║│Associated Ports     : <none>                       │
║                        ║│                                                    │
║                        ║│Associated Zones     : <none>                       │
║                        ║│                                                    │
║                        ║│                                                    │
║                        ║│                                                    │
║                        ║│                                                    │
║                        ║│                                                    │
║                        ║│                                                    │
║                        ║│                                                    │
║                        ║└────────────────────────────────────────────────────┘
║                        ║┌───────────────────────Status───────────────────────┐
║                        ║│Added VLAN: VLANs -> 200                            │
╚════════════════════════╝└────────────────────────────────────────────────────┘
 <q> Quit | <ctrl+s> Save | <v> New VLAN | <u> Update VLAN | <D> Delete VLAN    
