                                                                                
                                                                                
                                                                                
                                                                                
                                                                                
                                                                                
           ╔═════════════════════Update VLAN 200════════════════════╗           
           ║                                                        ║           
           ║ Name        Users                                      ║           
           ║                                                        ║           
           ║ Description clients                                    ║           
           ║                                                        ║           
           ║             Ctrl+E: edit in $EDITOR                    ║           
           ║                                                        ║           
           ║ Zone        <none>                                     ║           
           ║                                                        ║           
           ║                    Save     Cancel                     ║           
           ║                                                        ║           
           ╚════════════════════════════════════════════════════════╝           
                                                                                
                                                                                
                                                                                
                                                                                
                                                                                
                                                                                
