┌──────────────────────────────────Navigation──────────────────────────────────┐
│Zones                                                                         │
└──────────────────────────────────────────────────────────────────────────────┘
╔══════════Menu══════════╗┌───────────────────────Details──────────────────────┐
║Trusted                 ║│Zone                 : Trusted                      │
║                        ║│Description          : trusted clients              │
║                        ║│Associated VLANs     :                              │
║                        ║│- 101 (Main)                                        │
║                        ║│- 102 (Guest)                                       │
║                        ║│                                                    │
║                        ║│                                                    │
║                        ║│                                                    │
║                        ║│                                                    │
║                        ║│                                                    │
║                        ║│                                                    │
║                        ║│                                                    │
║                        ║│                                                    │
║                        ║│                                                    │
║                        ║│                                                    │
║                        ║└────────────────────────────────────────────────────┘
║                        ║┌───────────────────────Status───────────────────────┐
║                        ║│Error adding Zone: display name must be set for     │
║                        ║│Zone=Zones ->                                       │
╚════════════════════════╝└────────────────────────────────────────────────────┘
 <q> Quit | <ctrl+s> Save | <z> New Zone | <u> Update Zone | <D> Delete Zone    
