┌──────────────────────────────────Navigation──────────────────────────────────┐
│Zones                                                                         │
└──────────────────────────────────────────────────────────────────────────────┘
╔══════════Menu══════════╗┌───────────────────────Details──────────────────────┐
║                        ║│Document network security zones and associated      │
║                        ║│VLANs.                                              │
║                        ║│                                                    │
║                        ║│                                                    │
║                        ║│                                                    │
║                        ║│                                                    │
║                        ║│                                                    │
║                        ║│                                                    │
║                        ║│                                                    │
║                        ║│                                                    │
║                        ║│                                                    │
║                        ║│                                                    │
║                        ║│                                                    │
║                        ║│                                                    │
║                        ║│                                                    │
║                        ║│                                                    │
║                        ║└────────────────────────────────────────────────────┘
║                        ║┌───────────────────────Status───────────────────────┐
║                        ║│Added VLAN: VLANs -> 102                            │
╚════════════════════════╝└────────────────────────────────────────────────────┘
 <q> Quit | <ctrl+s> Save | <z> New Zone | <?> Help                             
